<html>
<body>
<pre>
<h1>µVision Build Log</h1>
<h2>Tool Versions:</h2>
IDE-Version: ¦ÌVision V5.29.0.0
Copyright (C) 2019 ARM Ltd and ARM Germany GmbH. All rights reserved.
License Information: zhang dong, Z-tech, LIC=GMZI6-DPYF9-SB7EJ-U56RB-CQL6K-980B0
 
Tool Versions:
Toolchain:       MDK-ARM Plus  Version: 5.29.0.0
Toolchain Path:  C:\Keil_v5_ARM\ARM\ARMCC\Bin
C Compiler:      Armcc.exe V5.06 update 6 (build 750)
Assembler:       Armasm.exe V5.06 update 6 (build 750)
Linker/Locator:  ArmLink.exe V5.06 update 6 (build 750)
Library Manager: ArmAr.exe V5.06 update 6 (build 750)
Hex Converter:   FromElf.exe V5.06 update 6 (build 750)
CPU DLL:         SARMCM3.DLL V5.29.0.0
Dialog DLL:      DCM.DLL V1.17.3.0
Target DLL:      STLink\ST-LINKIII-KEIL_SWO.dll V3.0.7.0
Dialog DLL:      TCM.DLL V1.36.5.0
 
<h2>Project:</h2>
E:\WorkSpace\Microcontroller\STM32F103C8T6\Igniter\IgniterTx\User\STM32F103C8T6.uvprojx
Project File Date:  01/04/2020

<h2>Output:</h2>
*** Using Compiler 'V5.06 update 6 (build 750)', folder: 'C:\Keil_v5_ARM\ARM\ARMCC\Bin'
Build target 'stm32f103C8T6_mode'
compiling main.c...
main.c(80): warning:  #167-D: argument of type "uint8_t *" is incompatible with parameter of type "char *restrict"
  		sprintf(str,"No.01-%02d",(g_Ping /100)%100);
main.c(94): warning:  #167-D: argument of type "uint8_t *" is incompatible with parameter of type "char *restrict"
  	sprintf(str,"B:%2d.%02d B:%c",g_Ebt/100,g_Ebt%100,g_FAState);
main.c(97): warning:  #167-D: argument of type "uint8_t *" is incompatible with parameter of type "char *restrict"
  	sprintf(str,"F:%2d.%02d F:%c",g_Efr/100,g_Efr%100,g_FFState);
main.c(186): warning:  #167-D: argument of type "uint8_t *" is incompatible with parameter of type "char *restrict"
  	sprintf(str,"%d%d%d",getFireKey(),getChargeKey(),getKeyboad());
main.c(259): warning:  #177-D: variable "firediv"  was declared but never referenced
  	static uint32_t firediv = 0;
main.c(386): warning:  #111-D: statement is unreachable
  	return 0;
main.c: 6 warnings, 0 errors
linking...
Program Size: Code=6456 RO-data=2660 RW-data=88 ZI-data=2704  
FromELF: creating hex file...
".\Objects\STM32F103C8T6.axf" - 0 Error(s), 6 Warning(s).

<h2>Software Packages used:</h2>

Package Vendor: Keil
                http://www.keil.com/pack/Keil.STM32F1xx_DFP.2.2.0.pack
                Keil.STM32F1xx_DFP.2.2.0
                STMicroelectronics STM32F1 Series Device Support, Drivers and Examples

<h2>Collection of Component include folders:</h2>
  .\RTE\_stm32f103C8T6_mode
  C:\Keil_v5_ARM\ARM\PACK\Keil\STM32F1xx_DFP\2.2.0\Device\Include

<h2>Collection of Component Files used:</h2>
Build Time Elapsed:  00:00:02
</pre>
</body>
</html>
